Microchip MPLAB XC8 Compiler V2.45

Linker command line:

-W-3 \
  --edf=C:\Program Files\Microchip\xc8\v2.45\pic\dat\20230818022343_en.msgs \
  -cn -h+dist/default/debug\final-project-alex-emil.X.debug.sym \
  --cmf=dist/default/debug\final-project-alex-emil.X.debug.cmf -z \
  -Q18F67K40 -oC:\Users\emile\AppData\Local\Temp\xcAsjg4.\driver_tmp_3.o \
  --defsym=__MPLAB_BUILD=1 --fixupoverflow=error \
  -Mdist/default/debug/final-project-alex-emil.X.debug.map \
  --md=C:\Users\emile\AppData\Local\Temp\xcAsjg4.\driver_tmp_0.dat -E1 \
  -ver=XC8 Compiler --acfsm=1493 -ACODE=00h-01FFFFh -ACONST=00h-01FFFFh \
  -ASMALLCONST=0E00h-0EFFhx498 -AMEDIUMCONST=0E00h-0FFFFh,010E00h-01FFFFh \
  -ACOMRAM=01h-05Fh -AABS1=00h-0DE9h -ABIGRAM=01h-0DE9h \
  -ARAM=060h-0FFh,0100h-01FFhx12,0D00h-0DE9h -ABANK0=060h-0FFh \
  -ABANK1=0100h-01FFh -ABANK2=0200h-02FFh -ABANK3=0300h-03FFh \
  -ABANK4=0400h-04FFh -ABANK5=0500h-05FFh -ABANK6=0600h-06FFh \
  -ABANK7=0700h-07FFh -ABANK8=0800h-08FFh -ABANK9=0900h-09FFh \
  -ABANK10=0A00h-0AFFh -ABANK11=0B00h-0BFFh -ABANK12=0C00h-0CFFh \
  -ABANK13=0D00h-0DE9h \
  -ASFR=0DEFh-0DFFh,0E00h-0EFFh,0F00h-0F5Fh,0F60h-0FFFh \
  -ABIGSFR=0DEFh-0FFFh -ACONFIG=0300000h-030000Bh -AIDLOC=0200000h-020000Fh \
  -AEEDATA=0310000h-03103FFh -peeprom_data=EEDATA \
  -preset_vec=00h,intcode=08h,intcodelo,powerup,init -pramtop=0E00h \
  -psmallconst=SMALLCONST -pmediumconst=MEDIUMCONST -pconst=CONST \
  -AFARRAM=00h-00h \
  -prdata=COMRAM,nvrram=COMRAM,nvbit=COMRAM,rbss=COMRAM,rbit=COMRAM \
  -pfarbss=FARRAM,fardata=FARRAM,nvFARRAM=FARRAM \
  -pintsave_regs=BIGRAM,bigbss=BIGRAM,bigdata=BIGRAM -pbss=RAM \
  -pidata=CODE,irdata=CODE,ibigdata=CODE,ifardata=CODE -prparam=COMRAM \
  C:\Users\emile\AppData\Local\Temp\xcAsjg4.\driver_tmp_9.o \
  dist/default/debug\final-project-alex-emil.X.debug.o 

Object code version is 3.11

Machine type is 18F67K40



                Name                               Link     Load   Length Selector   Space Scale
C:\Users\emile\AppData\Local\Temp\xcAsjg4.\driver_tmp_9.o
                config                           300000   300000        6        0       4
                init                                136      136        4        4       0
                reset_vec                             0        0        4        0       0
dist/default/debug\final-project-alex-emil.X.debug.o
                intcode                               8        8      12E        4       0
                config                           300000   300000        6        0       4
                temp                                 4F       4F        1        1       1
                smallconst                          E00      E00        2      700       0
                text28                             16BE     16BE        A      701       0
                text27                             15B0     15B0       28      701       0
                text26                             14DE     14DE       42      701       0
                text25                             16B4     16B4        A      701       0
                text24                             16AA     16AA        A      701       0
                text23                             16A0     16A0        A      701       0
                text22                             1676     1676        C      701       0
                text21                             148E     148E       50      701       0
                text20                             143E     143E       50      701       0
                text19                             13EE     13EE       50      701       0
                text18                             139E     139E       50      701       0
                text17                             1640     1640       16      701       0
                text15                             1696     1696        A      701       0
                text14                             15F8     15F8       1C      701       0
                text13                             155E     155E       2A      701       0
                text12                             1588     1588       28      701       0
                text11                             168C     168C        A      701       0
                text10                             1682     1682        A      701       0
                text9                              166A     166A        C      701       0
                text8                              15D8     15D8       20      701       0
                text7                              1520     1520       3E      701       0
                text6                              11CC     11CC      10E      701       0
                text5                              1656     1656       14      701       0
                text4                              162A     162A       16      701       0
                text3                              134E     134E       50      701       0
                text2                              12DA     12DA       74      701       0
                text1                              10A4     10A4      128      701       0
                text0                               E02      E02      2A2      701       0
                cstackCOMRAM                          1        1       2B        1       1
                bssCOMRAM                            2C       2C       23        1       1
                cinit                              1614     1614       16      701       0

TOTAL           Name                               Link     Load   Length     Space
        CLASS   CODE           
                intcode                               8        8      12E         0
                init                                136      136        4         0
                reset_vec                             0        0        4         0
                text28                             16BE     16BE        A         0
                text27                             15B0     15B0       28         0
                text26                             14DE     14DE       42         0
                text25                             16B4     16B4        A         0
                text24                             16AA     16AA        A         0
                text23                             16A0     16A0        A         0
                text22                             1676     1676        C         0
                text21                             148E     148E       50         0
                text20                             143E     143E       50         0
                text19                             13EE     13EE       50         0
                text18                             139E     139E       50         0
                text17                             1640     1640       16         0
                text15                             1696     1696        A         0
                text14                             15F8     15F8       1C         0
                text13                             155E     155E       2A         0
                text12                             1588     1588       28         0
                text11                             168C     168C        A         0
                text10                             1682     1682        A         0
                text9                              166A     166A        C         0
                text8                              15D8     15D8       20         0
                text7                              1520     1520       3E         0
                text6                              11CC     11CC      10E         0
                text5                              1656     1656       14         0
                text4                              162A     162A       16         0
                text3                              134E     134E       50         0
                text2                              12DA     12DA       74         0
                text1                              10A4     10A4      128         0
                text0                               E02      E02      2A2         0
                cinit                              1614     1614       16         0

        CLASS   CONST          

        CLASS   SMALLCONST     
                smallconst                          E00      E00        2         0

        CLASS   MEDIUMCONST    

        CLASS   COMRAM         
                temp                                 4F       4F        1         1
                cstackCOMRAM                          1        1       2B         1
                bssCOMRAM                            2C       2C       23         1

        CLASS   ABS1           

        CLASS   BIGRAM         

        CLASS   RAM            

        CLASS   BANK0          

        CLASS   BANK1          

        CLASS   BANK2          

        CLASS   BANK3          

        CLASS   BANK4          

        CLASS   BANK5          

        CLASS   BANK6          

        CLASS   BANK7          

        CLASS   BANK8          

        CLASS   BANK9          

        CLASS   BANK10         

        CLASS   BANK11         

        CLASS   BANK12         

        CLASS   BANK13         

        CLASS   SFR            

        CLASS   BIGSFR         

        CLASS   CONFIG         
                config                           300000   300000        6         4

        CLASS   IDLOC          

        CLASS   EEDATA         

        CLASS   FARRAM         

        CLASS   HEAP           

        CLASS   STACK          



SEGMENTS        Name                           Load    Length   Top    Selector   Space  Class

                reset_vec                      000000  000004  000004         0       0  CODE    
                cstackCOMRAM                   000001  00004F  000050         1       1  COMRAM  
                intcode                        000008  000132  00013A         4       0  CODE    
                smallconst                     000E00  000002  000E02       700       0  SMALLCON
                text0                          000E02  0008C6  0016C8       701       0  CODE    


UNUSED ADDRESS RANGES

        Name                Unused          Largest block    Delta
        BANK0            000060-0000FF               A0
        BANK1            000100-0001FF              100
        BANK10           000A00-000AFF              100
        BANK11           000B00-000BFF              100
        BANK12           000C00-000CFF              100
        BANK13           000D00-000DE9               EA
        BANK2            000200-0002FF              100
        BANK3            000300-0003FF              100
        BANK4            000400-0004FF              100
        BANK5            000500-0005FF              100
        BANK6            000600-0006FF              100
        BANK7            000700-0007FF              100
        BANK8            000800-0008FF              100
        BANK9            000900-0009FF              100
        BIGRAM           000050-000DE9              D9A
        BIGSFR           000DEF-000FFF              211
        CODE             000004-000007                4
                         00013A-000DFF              CC6
                         0016C8-01FFFF            1E938
        COMRAM           000050-00005F               10
        CONFIG           300006-30000B                6
        CONST            000004-000007                4
                         00013A-000DFF              CC6
                         0016C8-01FFFF            1E938
        EEDATA           310000-3103FF              400
        IDLOC            200000-20000F               10
        MEDIUMCONST      0016C8-00FFFF             E938
                         010E00-01FFFF             F200
        RAM              000060-000DE9              100
        SFR              000DEF-000FFF              100
        SMALLCONST       0016C8-01FFFF              100

                                  Symbol Table

?___lwdiv                      cstackCOMRAM 00000E
?_decideColor                  cstackCOMRAM 00000E
?_readBlueColor                cstackCOMRAM 000005
?_readClearColor               cstackCOMRAM 000005
?_readGreenColor               cstackCOMRAM 000005
?_readRedColor                 cstackCOMRAM 000005
I2C_2_Master_Read@ack          cstackCOMRAM 000003
I2C_2_Master_Read@tmp          cstackCOMRAM 000004
I2C_2_Master_Write@data_byte   cstackCOMRAM 00000F
_ANSELBbits                    (abs)        000E9A
_ANSELDbits                    (abs)        000EA7
_High_ISR                      intcode      000008
_I2C_2_Master_Idle             text12       001588
_I2C_2_Master_Init             text13       00155E
_I2C_2_Master_Read             text26       0014DE
_I2C_2_Master_RepStart         text25       0016B4
_I2C_2_Master_Start            text11       00168C
_I2C_2_Master_Stop             text10       001682
_I2C_2_Master_Write            text9        00166A
_INT0PPS                       (abs)        000DF0
_INTCONbits                    (abs)        000FF2
_IPR0bits                      (abs)        000E1F
_LATAbits                      (abs)        000F79
_LATDbits                      (abs)        000F7C
_LATEbits                      (abs)        000F7D
_LATGbits                      (abs)        000F7F
_LATHbits                      (abs)        000F80
_LEDturnOFF                    text28       0016BE
_LEDturnON                     text15       001696
_PIE0bits                      (abs)        000E29
_PIR0bits                      (abs)        000E33
_RD5PPS                        (abs)        000E6F
_RD6PPS                        (abs)        000E70
_RGBC                          bssCOMRAM    000041
_SSP2ADD                       (abs)        000ED6
_SSP2BUF                       (abs)        000ED5
_SSP2CLKPPS                    (abs)        000E1C
_SSP2CON1bits                  (abs)        000ED9
_SSP2CON2                      (abs)        000EDA
_SSP2CON2bits                  (abs)        000EDA
_SSP2DATPPS                    (abs)        000E1D
_SSP2STAT                      (abs)        000ED8
_T0CON0bits                    (abs)        000FD5
_T0CON1bits                    (abs)        000FD6
_TMR0H                         (abs)        000FD4
_TMR0L                         (abs)        000FD3
_TRISAbits                     (abs)        000F81
_TRISDbits                     (abs)        000F84
_TRISEbits                     (abs)        000F85
_TRISGbits                     (abs)        000F87
_TRISHbits                     (abs)        000F88
_Timer0_init                   text14       0015F8
__HRAM                         (abs)        000000
__H__absolute__                __absolute__ 000000
__Habs1                        abs1         000000
__Hbank0                       bank0        000000
__Hbank1                       bank1        000000
__Hbank10                      bank10       000000
__Hbank11                      bank11       000000
__Hbank12                      bank12       000000
__Hbank13                      bank13       000000
__Hbank2                       bank2        000000
__Hbank3                       bank3        000000
__Hbank4                       bank4        000000
__Hbank5                       bank5        000000
__Hbank6                       bank6        000000
__Hbank7                       bank7        000000
__Hbank8                       bank8        000000
__Hbank9                       bank9        000000
__Hbigbss                      bigbss       000000
__Hbigdata                     bigdata      000000
__Hbigram                      bigram       000000
__Hbigsfr                      bigsfr       000000
__Hbss                         bss          000000
__HbssCOMRAM                   bssCOMRAM    000000
__Hcinit                       cinit        000000
__Hclrtext                     clrtext      000000
__Hcomram                      comram       000000
__Hconfig                      config       300006
__Hconst                       const        000000
__HcstackCOMRAM                cstackCOMRAM 000000
__Hdata                        data         000000
__Heeprom_data                 eeprom_data  000000
__Hfarbss                      farbss       000000
__Hfardata                     fardata      000000
__Hheap                        heap         000000
__Hibigdata                    ibigdata     000000
__Hidata                       idata        000000
__Hidloc                       idloc        000000
__Hifardata                    ifardata     000000
__Hinit                        init         00013A
__Hintcode                     intcode      000136
__Hintcode_body                intcode_body 000000
__Hintcodelo                   intcodelo    000136
__Hintentry                    intentry     000000
__Hintret                      intret       000000
__Hintsave_regs                intsave_regs 000000
__Hirdata                      irdata       000000
__Hmediumconst                 mediumconst  000000
__HnvFARRAM                    nvFARRAM     000000
__Hnvbit                       nvbit        000000
__Hnvrram                      nvrram       000000
__Hparam                       rparam       000000
__Hpowerup                     powerup      000136
__Hram                         ram          000000
__Hramtop                      ramtop       000E00
__Hrbit                        rbit         000000
__Hrbss                        rbss         000000
__Hrdata                       rdata        000000
__Hreset_vec                   reset_vec    000004
__Hrparam                      rparam       000000
__Hsfr                         sfr          000000
__Hsmallconst                  smallconst   000E02
__Hspace_0                     (abs)        0016C8
__Hspace_1                     (abs)        000050
__Hspace_2                     (abs)        000000
__Hspace_4                     (abs)        600006
__Hstack                       stack        000000
__Hstruct                      struct       000000
__Htemp                        temp         000050
__Htext                        text         000000
__Htext0                       text0        000000
__Htext1                       text1        000000
__Htext10                      text10       000000
__Htext11                      text11       000000
__Htext12                      text12       000000
__Htext13                      text13       000000
__Htext14                      text14       000000
__Htext15                      text15       000000
__Htext17                      text17       000000
__Htext18                      text18       000000
__Htext19                      text19       000000
__Htext2                       text2        000000
__Htext20                      text20       000000
__Htext21                      text21       000000
__Htext22                      text22       000000
__Htext23                      text23       000000
__Htext24                      text24       000000
__Htext25                      text25       000000
__Htext26                      text26       000000
__Htext27                      text27       000000
__Htext28                      text28       000000
__Htext3                       text3        000000
__Htext4                       text4        000000
__Htext5                       text5        000000
__Htext6                       text6        000000
__Htext7                       text7        000000
__Htext8                       text8        000000
__Htext9                       text9        000000
__LRAM                         (abs)        000001
__L__absolute__                __absolute__ 000000
__Labs1                        abs1         000000
__Lbank0                       bank0        000000
__Lbank1                       bank1        000000
__Lbank10                      bank10       000000
__Lbank11                      bank11       000000
__Lbank12                      bank12       000000
__Lbank13                      bank13       000000
__Lbank2                       bank2        000000
__Lbank3                       bank3        000000
__Lbank4                       bank4        000000
__Lbank5                       bank5        000000
__Lbank6                       bank6        000000
__Lbank7                       bank7        000000
__Lbank8                       bank8        000000
__Lbank9                       bank9        000000
__Lbigbss                      bigbss       000000
__Lbigdata                     bigdata      000000
__Lbigram                      bigram       000000
__Lbigsfr                      bigsfr       000000
__Lbss                         bss          000000
__LbssCOMRAM                   bssCOMRAM    000000
__Lcinit                       cinit        000000
__Lclrtext                     clrtext      000000
__Lcomram                      comram       000000
__Lconfig                      config       000000
__Lconst                       const        000000
__LcstackCOMRAM                cstackCOMRAM 000000
__Ldata                        data         000000
__Leeprom_data                 eeprom_data  000000
__Lfarbss                      farbss       000000
__Lfardata                     fardata      000000
__Lheap                        heap         000000
__Libigdata                    ibigdata     000000
__Lidata                       idata        000000
__Lidloc                       idloc        000000
__Lifardata                    ifardata     000000
__Linit                        init         000136
__Lintcode                     intcode      000008
__Lintcode_body                intcode_body 000000
__Lintcodelo                   intcodelo    000136
__Lintentry                    intentry     000000
__Lintret                      intret       000000
__Lintsave_regs                intsave_regs 000000
__Lirdata                      irdata       000000
__Lmediumconst                 mediumconst  000000
__LnvFARRAM                    nvFARRAM     000000
__Lnvbit                       nvbit        000000
__Lnvrram                      nvrram       000000
__Lparam                       rparam       000000
__Lpowerup                     powerup      000136
__Lram                         ram          000000
__Lramtop                      ramtop       000E00
__Lrbit                        rbit         000000
__Lrbss                        rbss         000000
__Lrdata                       rdata        000000
__Lreset_vec                   reset_vec    000000
__Lrparam                      rparam       000000
__Lsfr                         sfr          000000
__Lsmallconst                  smallconst   000E00
__Lspace_0                     (abs)        000000
__Lspace_1                     (abs)        000000
__Lspace_2                     (abs)        000000
__Lspace_4                     (abs)        000000
__Lstack                       stack        000000
__Lstruct                      struct       000000
__Ltemp                        temp         00004F
__Ltext                        text         000000
__Ltext0                       text0        000000
__Ltext1                       text1        000000
__Ltext10                      text10       000000
__Ltext11                      text11       000000
__Ltext12                      text12       000000
__Ltext13                      text13       000000
__Ltext14                      text14       000000
__Ltext15                      text15       000000
__Ltext17                      text17       000000
__Ltext18                      text18       000000
__Ltext19                      text19       000000
__Ltext2                       text2        000000
__Ltext20                      text20       000000
__Ltext21                      text21       000000
__Ltext22                      text22       000000
__Ltext23                      text23       000000
__Ltext24                      text24       000000
__Ltext25                      text25       000000
__Ltext26                      text26       000000
__Ltext27                      text27       000000
__Ltext28                      text28       000000
__Ltext3                       text3        000000
__Ltext4                       text4        000000
__Ltext5                       text5        000000
__Ltext6                       text6        000000
__Ltext7                       text7        000000
__Ltext8                       text8        000000
__Ltext9                       text9        000000
__S0                           (abs)        0016C8
__S1                           (abs)        000050
__S4                           (abs)        000000
__S5                           (abs)        000000
___heap_hi                     (abs)        000000
___heap_lo                     (abs)        000000
___inthi_sp                    stack        000000
___inthi_stack_hi              stack        000000
___inthi_stack_lo              stack        000000
___intlo_sp                    stack        000000
___intlo_stack_hi              stack        000000
___intlo_stack_lo              stack        000000
___lwdiv                       text2        0012DA
___lwdiv@counter               cstackCOMRAM 000014
___lwdiv@dividend              cstackCOMRAM 00000E
___lwdiv@divisor               cstackCOMRAM 000010
___lwdiv@quotient              cstackCOMRAM 000012
___param_bank                  (abs)        000000
___rparam_used                 (abs)        000001
___sp                          stack        000000
___stack_hi                    stack        000000
___stack_lo                    stack        000000
__accesstop                    (abs)        000060
__activetblptr                 (abs)        000000
__end_of_High_ISR              intcode      000136
__end_of_I2C_2_Master_Idle     text12       0015B0
__end_of_I2C_2_Master_Init     text13       001588
__end_of_I2C_2_Master_Read     text26       001520
__end_of_I2C_2_Master_RepStart text25       0016BE
__end_of_I2C_2_Master_Start    text11       001696
__end_of_I2C_2_Master_Stop     text10       00168C
__end_of_I2C_2_Master_Write    text9        001676
__end_of_LEDturnOFF            text28       0016C8
__end_of_LEDturnON             text15       0016A0
__end_of_Timer0_init           text14       001614
__end_of___lwdiv               text2        00134E
__end_of__initialization       cinit        001620
__end_of_clearInterrupt        text4        001640
__end_of_color_click_init      text7        00155E
__end_of_color_writetoaddr     text8        0015F8
__end_of_decideColor           text6        0012DA
__end_of_init_buttons_LED      text5        00166A
__end_of_interrupts_init       text3        00139E
__end_of_main                  text0        0010A4
__end_of_normalizeColors       text1        0011CC
__end_of_readBlueColor         text21       0014DE
__end_of_readClearColor        text20       00148E
__end_of_readGreenColor        text19       00143E
__end_of_readRedColor          text18       0013EE
__end_ofi2_I2C_2_Master_Idle   text27       0015D8
__end_ofi2_I2C_2_Master_Start  text24       0016B4
__end_ofi2_I2C_2_Master_Stop   text23       0016AA
__end_ofi2_I2C_2_Master_Write  text22       001682
__end_ofi2_clearInterrupt      text17       001656
__initialization               cinit        001614
__mediumconst                  mediumconst  000000
__pbssCOMRAM                   bssCOMRAM    00002C
__pcinit                       cinit        001614
__pcstackCOMRAM                cstackCOMRAM 000001
__pintcode                     intcode      000008
__psmallconst                  smallconst   000E00
__ptext0                       text0        000E02
__ptext1                       text1        0010A4
__ptext10                      text10       001682
__ptext11                      text11       00168C
__ptext12                      text12       001588
__ptext13                      text13       00155E
__ptext14                      text14       0015F8
__ptext15                      text15       001696
__ptext17                      text17       001640
__ptext18                      text18       00139E
__ptext19                      text19       0013EE
__ptext2                       text2        0012DA
__ptext20                      text20       00143E
__ptext21                      text21       00148E
__ptext22                      text22       001676
__ptext23                      text23       0016A0
__ptext24                      text24       0016AA
__ptext25                      text25       0016B4
__ptext26                      text26       0014DE
__ptext27                      text27       0015B0
__ptext28                      text28       0016BE
__ptext3                       text3        00134E
__ptext4                       text4        00162A
__ptext5                       text5        001656
__ptext6                       text6        0011CC
__ptext7                       text7        001520
__ptext8                       text8        0015D8
__ptext9                       text9        00166A
__ramtop                       ramtop       000E00
__smallconst                   smallconst   000E00
_blue                          bssCOMRAM    00003A
_clear                         bssCOMRAM    000038
_clearInterrupt                text4        00162A
_color_click_init              text7        001520
_color_writetoaddr             text8        0015D8
_colourCode                    bssCOMRAM    000034
_decideColor                   text6        0011CC
_green                         bssCOMRAM    00003C
_increment                     bssCOMRAM    000036
_init_buttons_LED              text5        001656
_interrupts_init               text3        00134E
_main                          text0        000E02
_normRGB                       bssCOMRAM    000049
_normalizeColors               text1        0010A4
_normalizeColors$1890          cstackCOMRAM 000021
_readBlueColor                 text21       00148E
_readClearColor                text20       00143E
_readGreenColor                text19       0013EE
_readRedColor                  text18       00139E
_red                           bssCOMRAM    00003E
_w                             bssCOMRAM    000032
_wall_detected                 bssCOMRAM    000040
_x                             bssCOMRAM    000030
_y                             bssCOMRAM    00002E
_z                             bssCOMRAM    00002C
btemp                          temp         00004F
color_writetoaddr@address      cstackCOMRAM 000011
color_writetoaddr@value        cstackCOMRAM 000010
decideColor@normRGB            cstackCOMRAM 00000E
end_of_initialization          cinit        001620
i2I2C_2_Master_Write@data_byte cstackCOMRAM 000002
i2_I2C_2_Master_Idle           text27       0015B0
i2_I2C_2_Master_Start          text24       0016AA
i2_I2C_2_Master_Stop           text23       0016A0
i2_I2C_2_Master_Write          text22       001676
i2_clearInterrupt              text17       001640
int$flags                      temp         00004F
intlevel0                      text         000000
intlevel1                      text         000000
intlevel2                      text         000000
intlevel3                      text         000000
isa$std                        (abs)        000001
isa$xinst                      (abs)        000000
main@colourCode                cstackCOMRAM 00002A
main@i                         cstackCOMRAM 000025
main@i_705                     cstackCOMRAM 000026
main@i_706                     cstackCOMRAM 000027
main@i_707                     cstackCOMRAM 000028
main@i_708                     cstackCOMRAM 000029
normalizeColors@RGBC           cstackCOMRAM 000015
normalizeColors@normRGB        cstackCOMRAM 000016
normalizeColors@sum            cstackCOMRAM 00001F
readBlueColor@tmp              cstackCOMRAM 00000A
readClearColor@tmp             cstackCOMRAM 00000A
readGreenColor@tmp             cstackCOMRAM 00000A
readRedColor@tmp               cstackCOMRAM 00000A
stackhi                        (abs)        000000
stacklo                        (abs)        000000
start                          init         000136
start_initialization           cinit        001614
ttemp5                         temp         000050
ttemp6                         temp         000053
ttemp7                         temp         000057
wtemp8                         temp         000050


MODULE INFORMATION

Module		Function		Class		Link	Load	Size
color.c
		_color_writetoaddr		CODE           	15D8	0000	32
		_color_click_init		CODE           	1520	0000	62
		_readBlueColor 		CODE           	148E	0000	80
		_readGreenColor		CODE           	13EE	0000	80
		_normalizeColors		CODE           	10A4	0000	296
		_decideColor   		CODE           	11CC	0000	270
		_readClearColor		CODE           	143E	0000	80
		_readRedColor  		CODE           	139E	0000	80

color.c estimated size: 980

interrupts.c
		_High_ISR      		CODE           	0008	0000	302
		_Timer0_init   		CODE           	15F8	0000	28
		_interrupts_init		CODE           	134E	0000	80
		_clearInterrupt		CODE           	162A	0000	22

interrupts.c estimated size: 432

i2c.c
		_I2C_2_Master_Start		CODE           	168C	0000	10
		_I2C_2_Master_Read		CODE           	14DE	0000	66
		_I2C_2_Master_Idle		CODE           	1588	0000	40
		_I2C_2_Master_Init		CODE           	155E	0000	42
		_I2C_2_Master_Stop		CODE           	1682	0000	10
		_I2C_2_Master_RepStart		CODE           	16B4	0000	10
		_I2C_2_Master_Write		CODE           	166A	0000	12

i2c.c estimated size: 190

interact.c
		_LEDturnON     		CODE           	1696	0000	10
		_LEDturnOFF    		CODE           	16BE	0000	10
		_init_buttons_LED		CODE           	1656	0000	20

interact.c estimated size: 40

shared
		i2_I2C_2_Master_Stop		CODE           	16A0	0000	10
		i2_I2C_2_Master_Idle		CODE           	15B0	0000	40
		__initialization		CODE           	1614	0000	12
		i2_clearInterrupt		CODE           	1640	0000	22
		i2_I2C_2_Master_Write		CODE           	1676	0000	12
		i2_I2C_2_Master_Start		CODE           	16AA	0000	10

shared estimated size: 106

main.c
		_main          		CODE           	0E02	0000	674

main.c estimated size: 674

C:\Program Files\Microchip\xc8\v2.45\pic\sources\c99\common\lwdiv.c
		___lwdiv       		CODE           	12DA	0000	116

C:\Program Files\Microchip\xc8\v2.45\pic\sources\c99\common\lwdiv.c estimated size: 116

