Microchip MPLAB XC8 Compiler V2.45

Linker command line:

-W-3 \
  --edf=C:\Program Files\Microchip\xc8\v2.45\pic\dat\20230818022343_en.msgs \
  -cn -h+dist/default/debug\final-project-alex-emil.X.debug.sym \
  --cmf=dist/default/debug\final-project-alex-emil.X.debug.cmf -z \
  -Q18F67K40 -oC:\Users\emile\AppData\Local\Temp\xcAs3o4.\driver_tmp_3.o \
  --defsym=__MPLAB_BUILD=1 --fixupoverflow=error \
  -Mdist/default/debug/final-project-alex-emil.X.debug.map \
  --md=C:\Users\emile\AppData\Local\Temp\xcAs3o4.\driver_tmp_0.dat -E1 \
  -ver=XC8 Compiler --acfsm=1493 -ACODE=00h-01FFFFh -ACONST=00h-01FFFFh \
  -ASMALLCONST=0E00h-0EFFhx498 -AMEDIUMCONST=0E00h-0FFFFh,010E00h-01FFFFh \
  -ACOMRAM=01h-05Fh -AABS1=00h-0DE9h -ABIGRAM=01h-0DE9h \
  -ARAM=060h-0FFh,0100h-01FFhx12,0D00h-0DE9h -ABANK0=060h-0FFh \
  -ABANK1=0100h-01FFh -ABANK2=0200h-02FFh -ABANK3=0300h-03FFh \
  -ABANK4=0400h-04FFh -ABANK5=0500h-05FFh -ABANK6=0600h-06FFh \
  -ABANK7=0700h-07FFh -ABANK8=0800h-08FFh -ABANK9=0900h-09FFh \
  -ABANK10=0A00h-0AFFh -ABANK11=0B00h-0BFFh -ABANK12=0C00h-0CFFh \
  -ABANK13=0D00h-0DE9h \
  -ASFR=0DEFh-0DFFh,0E00h-0EFFh,0F00h-0F5Fh,0F60h-0FFFh \
  -ABIGSFR=0DEFh-0FFFh -ACONFIG=0300000h-030000Bh -AIDLOC=0200000h-020000Fh \
  -AEEDATA=0310000h-03103FFh -peeprom_data=EEDATA \
  -preset_vec=00h,intcode=08h,intcodelo,powerup,init -pramtop=0E00h \
  -psmallconst=SMALLCONST -pmediumconst=MEDIUMCONST -pconst=CONST \
  -AFARRAM=00h-00h \
  -prdata=COMRAM,nvrram=COMRAM,nvbit=COMRAM,rbss=COMRAM,rbit=COMRAM \
  -pfarbss=FARRAM,fardata=FARRAM,nvFARRAM=FARRAM \
  -pintsave_regs=BIGRAM,bigbss=BIGRAM,bigdata=BIGRAM -pbss=RAM \
  -pidata=CODE,irdata=CODE,ibigdata=CODE,ifardata=CODE -prparam=COMRAM \
  C:\Users\emile\AppData\Local\Temp\xcAs3o4.\driver_tmp_9.o \
  dist/default/debug\final-project-alex-emil.X.debug.o 

Object code version is 3.11

Machine type is 18F67K40



                Name                               Link     Load   Length Selector   Space Scale
C:\Users\emile\AppData\Local\Temp\xcAs3o4.\driver_tmp_9.o
                config                           300000   300000        6        0       4
                init                                 58       58        4        4       0
                reset_vec                             0        0        4        0       0
dist/default/debug\final-project-alex-emil.X.debug.o
                intcode                               8        8       50        4       0
                config                           300000   300000        6        0       4
                temp                                 1B       1B        1        1       1
                smallconst                          E00      E00        2      700       0
                text27                             11EA     11EA       28      701       0
                text26                             12DA     12DA        A      701       0
                text25                             12D0     12D0        A      701       0
                text24                             127E     127E        C      701       0
                text23                             1232     1232       20      701       0
                text22                             1272     1272        C      701       0
                text21                             10EA     10EA       42      701       0
                text20                             12C6     12C6        A      701       0
                text19                             1162     1162       36      701       0
                text17                             12BC     12BC        A      701       0
                text16                             12B2     12B2        A      701       0
                text15                             1198     1198       2A      701       0
                text14                             11C2     11C2       28      701       0
                text13                             12A8     12A8        A      701       0
                text12                             129E     129E        A      701       0
                text11                             1266     1266        C      701       0
                text10                             1212     1212       20      701       0
                text9                               EF8      EF8       70      701       0
                text8                              1252     1252       14      701       0
                text7                              10A8     10A8       42      701       0
                text6                              1294     1294        A      701       0
                text5                              1058     1058       50      701       0
                text4                              1008     1008       50      701       0
                text3                               FB8      FB8       50      701       0
                text2                              112C     112C       36      701       0
                text1                               F68      F68       50      701       0
                text0                               E02      E02       F6      701       0
                cstackCOMRAM                          1        1       1A        1       1
                cinit                              128A     128A        A      701       0

TOTAL           Name                               Link     Load   Length     Space
        CLASS   CODE           
                intcode                               8        8       50         0
                init                                 58       58        4         0
                reset_vec                             0        0        4         0
                text27                             11EA     11EA       28         0
                text26                             12DA     12DA        A         0
                text25                             12D0     12D0        A         0
                text24                             127E     127E        C         0
                text23                             1232     1232       20         0
                text22                             1272     1272        C         0
                text21                             10EA     10EA       42         0
                text20                             12C6     12C6        A         0
                text19                             1162     1162       36         0
                text17                             12BC     12BC        A         0
                text16                             12B2     12B2        A         0
                text15                             1198     1198       2A         0
                text14                             11C2     11C2       28         0
                text13                             12A8     12A8        A         0
                text12                             129E     129E        A         0
                text11                             1266     1266        C         0
                text10                             1212     1212       20         0
                text9                               EF8      EF8       70         0
                text8                              1252     1252       14         0
                text7                              10A8     10A8       42         0
                text6                              1294     1294        A         0
                text5                              1058     1058       50         0
                text4                              1008     1008       50         0
                text3                               FB8      FB8       50         0
                text2                              112C     112C       36         0
                text1                               F68      F68       50         0
                text0                               E02      E02       F6         0
                cinit                              128A     128A        A         0

        CLASS   CONST          

        CLASS   SMALLCONST     
                smallconst                          E00      E00        2         0

        CLASS   MEDIUMCONST    

        CLASS   COMRAM         
                temp                                 1B       1B        1         1
                cstackCOMRAM                          1        1       1A         1

        CLASS   ABS1           

        CLASS   BIGRAM         

        CLASS   RAM            

        CLASS   BANK0          

        CLASS   BANK1          

        CLASS   BANK2          

        CLASS   BANK3          

        CLASS   BANK4          

        CLASS   BANK5          

        CLASS   BANK6          

        CLASS   BANK7          

        CLASS   BANK8          

        CLASS   BANK9          

        CLASS   BANK10         

        CLASS   BANK11         

        CLASS   BANK12         

        CLASS   BANK13         

        CLASS   SFR            

        CLASS   BIGSFR         

        CLASS   CONFIG         
                config                           300000   300000        6         4

        CLASS   IDLOC          

        CLASS   EEDATA         

        CLASS   FARRAM         

        CLASS   HEAP           

        CLASS   STACK          



SEGMENTS        Name                           Load    Length   Top    Selector   Space  Class

                reset_vec                      000000  000004  000004         0       0  CODE    
                cstackCOMRAM                   000001  00001B  00001C         1       1  COMRAM  
                intcode                        000008  000054  00005C         4       0  CODE    
                smallconst                     000E00  000002  000E02       700       0  SMALLCON
                text0                          000E02  0004E2  0012E4       701       0  CODE    


UNUSED ADDRESS RANGES

        Name                Unused          Largest block    Delta
        BANK0            000060-0000FF               A0
        BANK1            000100-0001FF              100
        BANK10           000A00-000AFF              100
        BANK11           000B00-000BFF              100
        BANK12           000C00-000CFF              100
        BANK13           000D00-000DE9               EA
        BANK2            000200-0002FF              100
        BANK3            000300-0003FF              100
        BANK4            000400-0004FF              100
        BANK5            000500-0005FF              100
        BANK6            000600-0006FF              100
        BANK7            000700-0007FF              100
        BANK8            000800-0008FF              100
        BANK9            000900-0009FF              100
        BIGRAM           00001C-000DE9              DCE
        BIGSFR           000DEF-000FFF              211
        CODE             000004-000007                4
                         00005C-000DFF              DA4
                         0012E4-01FFFF            1ED1C
        COMRAM           00001C-00005F               44
        CONFIG           300006-30000B                6
        CONST            000004-000007                4
                         00005C-000DFF              DA4
                         0012E4-01FFFF            1ED1C
        EEDATA           310000-3103FF              400
        IDLOC            200000-20000F               10
        MEDIUMCONST      0012E4-00FFFF             ED1C
                         010E00-01FFFF             F200
        RAM              000060-000DE9              100
        SFR              000DEF-000FFF              100
        SMALLCONST       0012E4-01FFFF              100

                                  Symbol Table

?_readBlueColor                  cstackCOMRAM 000010
?_readClearColor                 cstackCOMRAM 000010
?_readGreenColor                 cstackCOMRAM 000010
?_readInterrupt                  cstackCOMRAM 000010
?_readRedColor                   cstackCOMRAM 000010
?i2_readInterrupt                cstackCOMRAM 000005
I2C_2_Master_Read@ack            cstackCOMRAM 00000E
I2C_2_Master_Read@tmp            cstackCOMRAM 00000F
I2C_2_Master_Write@data_byte     cstackCOMRAM 00000D
_ANSELDbits                      (abs)        000EA7
_I2C_2_Master_Idle               text14       0011C2
_I2C_2_Master_Init               text15       001198
_I2C_2_Master_Read               text7        0010A8
_I2C_2_Master_RepStart           text6        001294
_I2C_2_Master_Start              text13       0012A8
_I2C_2_Master_Stop               text12       00129E
_I2C_2_Master_Write              text11       001266
_INTCONbits                      (abs)        000FF2
_LATAbits                        (abs)        000F79
_LATDbits                        (abs)        000F7C
_LATEbits                        (abs)        000F7D
_LATGbits                        (abs)        000F7F
_LEDturnOFF                      text17       0012BC
_LEDturnON                       text16       0012B2
_PIE8bits                        (abs)        000E31
_RD5PPS                          (abs)        000E6F
_RD6PPS                          (abs)        000E70
_SSP2ADD                         (abs)        000ED6
_SSP2BUF                         (abs)        000ED5
_SSP2CLKPPS                      (abs)        000E1C
_SSP2CON1bits                    (abs)        000ED9
_SSP2CON2                        (abs)        000EDA
_SSP2CON2bits                    (abs)        000EDA
_SSP2DATPPS                      (abs)        000E1D
_SSP2STAT                        (abs)        000ED8
_TRISAbits                       (abs)        000F81
_TRISDbits                       (abs)        000F84
_TRISEbits                       (abs)        000F85
_TRISGbits                       (abs)        000F87
_TRISHbits                       (abs)        000F88
__HRAM                           (abs)        000000
__H__absolute__                  __absolute__ 000000
__Habs1                          abs1         000000
__Hbank0                         bank0        000000
__Hbank1                         bank1        000000
__Hbank10                        bank10       000000
__Hbank11                        bank11       000000
__Hbank12                        bank12       000000
__Hbank13                        bank13       000000
__Hbank2                         bank2        000000
__Hbank3                         bank3        000000
__Hbank4                         bank4        000000
__Hbank5                         bank5        000000
__Hbank6                         bank6        000000
__Hbank7                         bank7        000000
__Hbank8                         bank8        000000
__Hbank9                         bank9        000000
__Hbigbss                        bigbss       000000
__Hbigdata                       bigdata      000000
__Hbigram                        bigram       000000
__Hbigsfr                        bigsfr       000000
__Hbss                           bss          000000
__Hcinit                         cinit        000000
__Hclrtext                       clrtext      000000
__Hcomram                        comram       000000
__Hconfig                        config       300006
__Hconst                         const        000000
__HcstackCOMRAM                  cstackCOMRAM 000000
__Hdata                          data         000000
__Heeprom_data                   eeprom_data  000000
__Hfarbss                        farbss       000000
__Hfardata                       fardata      000000
__Hheap                          heap         000000
__Hibigdata                      ibigdata     000000
__Hidata                         idata        000000
__Hidloc                         idloc        000000
__Hifardata                      ifardata     000000
__Hinit                          init         00005C
__Hintcode                       intcode      000058
__Hintcode_body                  intcode_body 000000
__Hintcodelo                     intcodelo    000058
__Hintentry                      intentry     000000
__Hintret                        intret       000000
__Hintsave_regs                  intsave_regs 000000
__Hirdata                        irdata       000000
__Hmediumconst                   mediumconst  000000
__HnvFARRAM                      nvFARRAM     000000
__Hnvbit                         nvbit        000000
__Hnvrram                        nvrram       000000
__Hparam                         rparam       000000
__Hpowerup                       powerup      000058
__Hram                           ram          000000
__Hramtop                        ramtop       000E00
__Hrbit                          rbit         000000
__Hrbss                          rbss         000000
__Hrdata                         rdata        000000
__Hreset_vec                     reset_vec    000004
__Hrparam                        rparam       000000
__Hsfr                           sfr          000000
__Hsmallconst                    smallconst   000E02
__Hspace_0                       (abs)        0012E4
__Hspace_1                       (abs)        00001C
__Hspace_2                       (abs)        000000
__Hspace_4                       (abs)        600006
__Hstack                         stack        000000
__Hstruct                        struct       000000
__Htemp                          temp         00001C
__Htext                          text         000000
__Htext0                         text0        000000
__Htext1                         text1        000000
__Htext10                        text10       000000
__Htext11                        text11       000000
__Htext12                        text12       000000
__Htext13                        text13       000000
__Htext14                        text14       000000
__Htext15                        text15       000000
__Htext16                        text16       000000
__Htext17                        text17       000000
__Htext19                        text19       000000
__Htext2                         text2        000000
__Htext20                        text20       000000
__Htext21                        text21       000000
__Htext22                        text22       000000
__Htext23                        text23       000000
__Htext24                        text24       000000
__Htext25                        text25       000000
__Htext26                        text26       000000
__Htext27                        text27       000000
__Htext3                         text3        000000
__Htext4                         text4        000000
__Htext5                         text5        000000
__Htext6                         text6        000000
__Htext7                         text7        000000
__Htext8                         text8        000000
__Htext9                         text9        000000
__LRAM                           (abs)        000001
__L__absolute__                  __absolute__ 000000
__Labs1                          abs1         000000
__Lbank0                         bank0        000000
__Lbank1                         bank1        000000
__Lbank10                        bank10       000000
__Lbank11                        bank11       000000
__Lbank12                        bank12       000000
__Lbank13                        bank13       000000
__Lbank2                         bank2        000000
__Lbank3                         bank3        000000
__Lbank4                         bank4        000000
__Lbank5                         bank5        000000
__Lbank6                         bank6        000000
__Lbank7                         bank7        000000
__Lbank8                         bank8        000000
__Lbank9                         bank9        000000
__Lbigbss                        bigbss       000000
__Lbigdata                       bigdata      000000
__Lbigram                        bigram       000000
__Lbigsfr                        bigsfr       000000
__Lbss                           bss          000000
__Lcinit                         cinit        000000
__Lclrtext                       clrtext      000000
__Lcomram                        comram       000000
__Lconfig                        config       000000
__Lconst                         const        000000
__LcstackCOMRAM                  cstackCOMRAM 000000
__Ldata                          data         000000
__Leeprom_data                   eeprom_data  000000
__Lfarbss                        farbss       000000
__Lfardata                       fardata      000000
__Lheap                          heap         000000
__Libigdata                      ibigdata     000000
__Lidata                         idata        000000
__Lidloc                         idloc        000000
__Lifardata                      ifardata     000000
__Linit                          init         000058
__Lintcode                       intcode      000008
__Lintcode_body                  intcode_body 000000
__Lintcodelo                     intcodelo    000058
__Lintentry                      intentry     000000
__Lintret                        intret       000000
__Lintsave_regs                  intsave_regs 000000
__Lirdata                        irdata       000000
__Lmediumconst                   mediumconst  000000
__LnvFARRAM                      nvFARRAM     000000
__Lnvbit                         nvbit        000000
__Lnvrram                        nvrram       000000
__Lparam                         rparam       000000
__Lpowerup                       powerup      000058
__Lram                           ram          000000
__Lramtop                        ramtop       000E00
__Lrbit                          rbit         000000
__Lrbss                          rbss         000000
__Lrdata                         rdata        000000
__Lreset_vec                     reset_vec    000000
__Lrparam                        rparam       000000
__Lsfr                           sfr          000000
__Lsmallconst                    smallconst   000E00
__Lspace_0                       (abs)        000000
__Lspace_1                       (abs)        000000
__Lspace_2                       (abs)        000000
__Lspace_4                       (abs)        000000
__Lstack                         stack        000000
__Lstruct                        struct       000000
__Ltemp                          temp         00001B
__Ltext                          text         000000
__Ltext0                         text0        000000
__Ltext1                         text1        000000
__Ltext10                        text10       000000
__Ltext11                        text11       000000
__Ltext12                        text12       000000
__Ltext13                        text13       000000
__Ltext14                        text14       000000
__Ltext15                        text15       000000
__Ltext16                        text16       000000
__Ltext17                        text17       000000
__Ltext19                        text19       000000
__Ltext2                         text2        000000
__Ltext20                        text20       000000
__Ltext21                        text21       000000
__Ltext22                        text22       000000
__Ltext23                        text23       000000
__Ltext24                        text24       000000
__Ltext25                        text25       000000
__Ltext26                        text26       000000
__Ltext27                        text27       000000
__Ltext3                         text3        000000
__Ltext4                         text4        000000
__Ltext5                         text5        000000
__Ltext6                         text6        000000
__Ltext7                         text7        000000
__Ltext8                         text8        000000
__Ltext9                         text9        000000
__S0                             (abs)        0012E4
__S1                             (abs)        00001C
__S4                             (abs)        000000
__S5                             (abs)        000000
___heap_hi                       (abs)        000000
___heap_lo                       (abs)        000000
___inthi_sp                      stack        000000
___inthi_stack_hi                stack        000000
___inthi_stack_lo                stack        000000
___intlo_sp                      stack        000000
___intlo_stack_hi                stack        000000
___intlo_stack_lo                stack        000000
___param_bank                    (abs)        000000
___rparam_used                   (abs)        000001
___sp                            stack        000000
___stack_hi                      stack        000000
___stack_lo                      stack        000000
__accesstop                      (abs)        000060
__activetblptr                   (abs)        000000
__end_of_I2C_2_Master_Idle       text14       0011EA
__end_of_I2C_2_Master_Init       text15       0011C2
__end_of_I2C_2_Master_Read       text7        0010EA
__end_of_I2C_2_Master_RepStart   text6        00129E
__end_of_I2C_2_Master_Start      text13       0012B2
__end_of_I2C_2_Master_Stop       text12       0012A8
__end_of_I2C_2_Master_Write      text11       001272
__end_of_LEDturnOFF              text17       0012C6
__end_of_LEDturnON               text16       0012BC
__end_of__initialization         cinit        00128A
__end_of_clearInterrupt          text22       00127E
__end_of_color_click_init        text9        000F68
__end_of_color_writetoaddr       text10       001232
__end_of_init_buttons_LED        text8        001266
__end_of_main                    text0        000EF8
__end_of_readBlueColor           text5        0010A8
__end_of_readClearColor          text4        001058
__end_of_readGreenColor          text3        001008
__end_of_readInterrupt           text2        001162
__end_of_readRedColor            text1        000FB8
__end_of_wall_detected           intcode      000058
__end_ofi2_I2C_2_Master_Idle     text27       001212
__end_ofi2_I2C_2_Master_Read     text21       00112C
__end_ofi2_I2C_2_Master_RepStart text20       0012D0
__end_ofi2_I2C_2_Master_Start    text26       0012E4
__end_ofi2_I2C_2_Master_Stop     text25       0012DA
__end_ofi2_I2C_2_Master_Write    text24       00128A
__end_ofi2_color_writetoaddr     text23       001252
__end_ofi2_readInterrupt         text19       001198
__initialization                 cinit        00128A
__mediumconst                    mediumconst  000000
__pcinit                         cinit        00128A
__pcstackCOMRAM                  cstackCOMRAM 000001
__pintcode                       intcode      000008
__psmallconst                    smallconst   000E00
__ptext0                         text0        000E02
__ptext1                         text1        000F68
__ptext10                        text10       001212
__ptext11                        text11       001266
__ptext12                        text12       00129E
__ptext13                        text13       0012A8
__ptext14                        text14       0011C2
__ptext15                        text15       001198
__ptext16                        text16       0012B2
__ptext17                        text17       0012BC
__ptext19                        text19       001162
__ptext2                         text2        00112C
__ptext20                        text20       0012C6
__ptext21                        text21       0010EA
__ptext22                        text22       001272
__ptext23                        text23       001232
__ptext24                        text24       00127E
__ptext25                        text25       0012D0
__ptext26                        text26       0012DA
__ptext27                        text27       0011EA
__ptext3                         text3        000FB8
__ptext4                         text4        001008
__ptext5                         text5        001058
__ptext6                         text6        001294
__ptext7                         text7        0010A8
__ptext8                         text8        001252
__ptext9                         text9        000EF8
__ramtop                         ramtop       000E00
__smallconst                     smallconst   000E00
_clearInterrupt                  text22       001272
_color_click_init                text9        000EF8
_color_writetoaddr               text10       001212
_init_buttons_LED                text8        001252
_main                            text0        000E02
_readBlueColor                   text5        001058
_readClearColor                  text4        001008
_readGreenColor                  text3        000FB8
_readInterrupt                   text2        00112C
_readRedColor                    text1        000F68
_wall_detected                   intcode      000008
btemp                            temp         00001B
color_writetoaddr@address        cstackCOMRAM 00000F
color_writetoaddr@value          cstackCOMRAM 00000E
end_of_initialization            cinit        00128A
i2I2C_2_Master_Read@ack          cstackCOMRAM 000003
i2I2C_2_Master_Read@tmp          cstackCOMRAM 000004
i2I2C_2_Master_Write@data_byte   cstackCOMRAM 000002
i2_I2C_2_Master_Idle             text27       0011EA
i2_I2C_2_Master_Read             text21       0010EA
i2_I2C_2_Master_RepStart         text20       0012C6
i2_I2C_2_Master_Start            text26       0012DA
i2_I2C_2_Master_Stop             text25       0012D0
i2_I2C_2_Master_Write            text24       00127E
i2_color_writetoaddr             text23       001232
i2_readInterrupt                 text19       001162
i2color_writetoaddr@address      cstackCOMRAM 000004
i2color_writetoaddr@value        cstackCOMRAM 000003
i2readInterrupt@tmp              cstackCOMRAM 000008
int$flags                        temp         00001B
intlevel0                        text         000000
intlevel1                        text         000000
intlevel2                        text         000000
intlevel3                        text         000000
isa$std                          (abs)        000001
isa$xinst                        (abs)        000000
main@red                         cstackCOMRAM 000019
readBlueColor@tmp                cstackCOMRAM 000015
readClearColor@tmp               cstackCOMRAM 000015
readGreenColor@tmp               cstackCOMRAM 000015
readInterrupt@tmp                cstackCOMRAM 000013
readRedColor@tmp                 cstackCOMRAM 000015
stackhi                          (abs)        000000
stacklo                          (abs)        000000
start                            init         000058
start_initialization             cinit        00128A
ttemp5                           temp         00001C
ttemp6                           temp         00001F
ttemp7                           temp         000023
wtemp8                           temp         00001C


MODULE INFORMATION

Module		Function		Class		Link	Load	Size
color.c
		_color_writetoaddr		CODE           	1212	0000	32
		_color_click_init		CODE           	0EF8	0000	112
		_readBlueColor 		CODE           	1058	0000	80
		_readGreenColor		CODE           	0FB8	0000	80
		_readClearColor		CODE           	1008	0000	80
		_readRedColor  		CODE           	0F68	0000	80

color.c estimated size: 464

interrupts.c
		_readInterrupt 		CODE           	112C	0000	54
		_wall_detected 		CODE           	0008	0000	80
		_clearInterrupt		CODE           	1272	0000	12

interrupts.c estimated size: 146

i2c.c
		_I2C_2_Master_Start		CODE           	12A8	0000	10
		_I2C_2_Master_Read		CODE           	10A8	0000	66
		_I2C_2_Master_Idle		CODE           	11C2	0000	40
		_I2C_2_Master_Init		CODE           	1198	0000	42
		_I2C_2_Master_Stop		CODE           	129E	0000	10
		_I2C_2_Master_RepStart		CODE           	1294	0000	10
		_I2C_2_Master_Write		CODE           	1266	0000	12

i2c.c estimated size: 190

interact.c
		_LEDturnON     		CODE           	12B2	0000	10
		_LEDturnOFF    		CODE           	12BC	0000	10
		_init_buttons_LED		CODE           	1252	0000	20

interact.c estimated size: 40

shared
		i2_I2C_2_Master_Stop		CODE           	12D0	0000	10
		i2_I2C_2_Master_Read		CODE           	10EA	0000	66
		i2_readInterrupt		CODE           	1162	0000	54
		i2_I2C_2_Master_Idle		CODE           	11EA	0000	40
		i2_I2C_2_Master_RepStart		CODE           	12C6	0000	10
		__initialization		CODE           	128A	0000	1
		i2_I2C_2_Master_Write		CODE           	127E	0000	12
		i2_color_writetoaddr		CODE           	1232	0000	32
		i2_I2C_2_Master_Start		CODE           	12DA	0000	10

shared estimated size: 235

main.c
		_main          		CODE           	0E02	0000	246

main.c estimated size: 246

