Microchip MPLAB XC8 Compiler V2.45

Linker command line:

-W-3 \
  --edf=C:\Program Files\Microchip\xc8\v2.45\pic\dat\20230818022343_en.msgs \
  -cn -h+dist/default/production\final-project-alex-emil.X.production.sym \
  --cmf=dist/default/production\final-project-alex-emil.X.production.cmf -z \
  -Q18F67K40 -oC:\Users\emile\AppData\Local\Temp\xcAsac4.\driver_tmp_3.o \
  --defsym=__MPLAB_BUILD=1 --fixupoverflow=error \
  -Mdist/default/production/final-project-alex-emil.X.production.map \
  --md=C:\Users\emile\AppData\Local\Temp\xcAsac4.\driver_tmp_0.dat -E1 \
  -ver=XC8 Compiler --acfsm=1493 -ACODE=00h-01FFFFh -ACONST=00h-01FFFFh \
  -ASMALLCONST=0E00h-0EFFhx498 -AMEDIUMCONST=0E00h-0FFFFh,010E00h-01FFFFh \
  -ACOMRAM=01h-05Fh -AABS1=00h-0DE9h -ABIGRAM=01h-0DE9h \
  -ARAM=060h-0FFh,0100h-01FFhx12,0D00h-0DE9h -ABANK0=060h-0FFh \
  -ABANK1=0100h-01FFh -ABANK2=0200h-02FFh -ABANK3=0300h-03FFh \
  -ABANK4=0400h-04FFh -ABANK5=0500h-05FFh -ABANK6=0600h-06FFh \
  -ABANK7=0700h-07FFh -ABANK8=0800h-08FFh -ABANK9=0900h-09FFh \
  -ABANK10=0A00h-0AFFh -ABANK11=0B00h-0BFFh -ABANK12=0C00h-0CFFh \
  -ABANK13=0D00h-0DE9h \
  -ASFR=0DEFh-0DFFh,0E00h-0EFFh,0F00h-0F5Fh,0F60h-0FFFh \
  -ABIGSFR=0DEFh-0FFFh -ACONFIG=0300000h-030000Bh -AIDLOC=0200000h-020000Fh \
  -AEEDATA=0310000h-03103FFh -peeprom_data=EEDATA \
  -preset_vec=00h,intcode=08h,intcodelo,powerup,init -pramtop=0E00h \
  -psmallconst=SMALLCONST -pmediumconst=MEDIUMCONST -pconst=CONST \
  -AFARRAM=00h-00h \
  -prdata=COMRAM,nvrram=COMRAM,nvbit=COMRAM,rbss=COMRAM,rbit=COMRAM \
  -pfarbss=FARRAM,fardata=FARRAM,nvFARRAM=FARRAM \
  -pintsave_regs=BIGRAM,bigbss=BIGRAM,bigdata=BIGRAM -pbss=RAM \
  -pidata=CODE,irdata=CODE,ibigdata=CODE,ifardata=CODE -prparam=COMRAM \
  C:\Users\emile\AppData\Local\Temp\xcAsac4.\driver_tmp_9.o \
  dist/default/production\final-project-alex-emil.X.production.o 

Object code version is 3.11

Machine type is 18F67K40



                Name                               Link     Load   Length Selector   Space Scale
C:\Users\emile\AppData\Local\Temp\xcAsac4.\driver_tmp_9.o
                config                           300000   300000        6        0       4
                init                                 42       42        4        4       0
                reset_vec                             0        0        4        0       0
dist/default/production\final-project-alex-emil.X.production.o
                intcode                               8        8       3A        4       0
                config                           300000   300000        6        0       4
                temp                                 31       31        1        1       1
                smallconst                          E00      E00        2      700       0
                text27                             1372     1372        A      701       0
                text26                             1264     1264       28      701       0
                text25                             1368     1368        A      701       0
                text24                             135E     135E        A      701       0
                text23                             132A     132A        C      701       0
                text22                             12F4     12F4       16      701       0
                text20                             1354     1354        A      701       0
                text19                             12AC     12AC       1C      701       0
                text18                             1212     1212       2A      701       0
                text17                             123C     123C       28      701       0
                text16                             134A     134A        A      701       0
                text15                             1340     1340        A      701       0
                text14                             131E     131E        C      701       0
                text13                             128C     128C       20      701       0
                text12                             11D4     11D4       3E      701       0
                text11                             130A     130A       14      701       0
                text10                             12DE     12DE       16      701       0
                text9                              1142     1142       50      701       0
                text8                               F8E      F8E       74      701       0
                text7                               E02      E02       FC      701       0
                text6                              1192     1192       42      701       0
                text5                              1336     1336        A      701       0
                text4                              10F2     10F2       50      701       0
                text3                              10A2     10A2       50      701       0
                text2                              1052     1052       50      701       0
                text1                              1002     1002       50      701       0
                text0                               EFE      EFE       90      701       0
                cstackCOMRAM                          1        1       1D        1       1
                bssCOMRAM                            1E       1E       13        1       1
                cinit                              12C8     12C8       16      701       0

TOTAL           Name                               Link     Load   Length     Space
        CLASS   CODE           
                intcode                               8        8       3A         0
                init                                 42       42        4         0
                reset_vec                             0        0        4         0
                text27                             1372     1372        A         0
                text26                             1264     1264       28         0
                text25                             1368     1368        A         0
                text24                             135E     135E        A         0
                text23                             132A     132A        C         0
                text22                             12F4     12F4       16         0
                text20                             1354     1354        A         0
                text19                             12AC     12AC       1C         0
                text18                             1212     1212       2A         0
                text17                             123C     123C       28         0
                text16                             134A     134A        A         0
                text15                             1340     1340        A         0
                text14                             131E     131E        C         0
                text13                             128C     128C       20         0
                text12                             11D4     11D4       3E         0
                text11                             130A     130A       14         0
                text10                             12DE     12DE       16         0
                text9                              1142     1142       50         0
                text8                               F8E      F8E       74         0
                text7                               E02      E02       FC         0
                text6                              1192     1192       42         0
                text5                              1336     1336        A         0
                text4                              10F2     10F2       50         0
                text3                              10A2     10A2       50         0
                text2                              1052     1052       50         0
                text1                              1002     1002       50         0
                text0                               EFE      EFE       90         0
                cinit                              12C8     12C8       16         0

        CLASS   CONST          

        CLASS   SMALLCONST     
                smallconst                          E00      E00        2         0

        CLASS   MEDIUMCONST    

        CLASS   COMRAM         
                temp                                 31       31        1         1
                cstackCOMRAM                          1        1       1D         1
                bssCOMRAM                            1E       1E       13         1

        CLASS   ABS1           

        CLASS   BIGRAM         

        CLASS   RAM            

        CLASS   BANK0          

        CLASS   BANK1          

        CLASS   BANK2          

        CLASS   BANK3          

        CLASS   BANK4          

        CLASS   BANK5          

        CLASS   BANK6          

        CLASS   BANK7          

        CLASS   BANK8          

        CLASS   BANK9          

        CLASS   BANK10         

        CLASS   BANK11         

        CLASS   BANK12         

        CLASS   BANK13         

        CLASS   SFR            

        CLASS   BIGSFR         

        CLASS   CONFIG         
                config                           300000   300000        6         4

        CLASS   IDLOC          

        CLASS   EEDATA         

        CLASS   FARRAM         

        CLASS   HEAP           

        CLASS   STACK          



SEGMENTS        Name                           Load    Length   Top    Selector   Space  Class

                reset_vec                      000000  000004  000004         0       0  CODE    
                cstackCOMRAM                   000001  000031  000032         1       1  COMRAM  
                intcode                        000008  00003E  000046         4       0  CODE    
                smallconst                     000E00  000002  000E02       700       0  SMALLCON
                text7                          000E02  00057A  00137C       701       0  CODE    


UNUSED ADDRESS RANGES

        Name                Unused          Largest block    Delta
        BANK0            000060-0000FF               A0
        BANK1            000100-0001FF              100
        BANK10           000A00-000AFF              100
        BANK11           000B00-000BFF              100
        BANK12           000C00-000CFF              100
        BANK13           000D00-000DE9               EA
        BANK2            000200-0002FF              100
        BANK3            000300-0003FF              100
        BANK4            000400-0004FF              100
        BANK5            000500-0005FF              100
        BANK6            000600-0006FF              100
        BANK7            000700-0007FF              100
        BANK8            000800-0008FF              100
        BANK9            000900-0009FF              100
        BIGRAM           000032-000DE9              DB8
        BIGSFR           000DEF-000FFF              211
        CODE             000004-000007                4
                         000046-000DFF              DBA
                         00137C-01FFFF            1EC84
        COMRAM           000032-00005F               2E
        CONFIG           300006-30000B                6
        CONST            000004-000007                4
                         000046-000DFF              DBA
                         00137C-01FFFF            1EC84
        EEDATA           310000-3103FF              400
        IDLOC            200000-20000F               10
        MEDIUMCONST      00137C-00FFFF             EC84
                         010E00-01FFFF             F200
        RAM              000060-000DE9              100
        SFR              000DEF-000FFF              100
        SMALLCONST       00137C-01FFFF              100

                                  Symbol Table

?___lwdiv                      cstackCOMRAM 000003
?_readBlueColor                cstackCOMRAM 000007
?_readClearColor               cstackCOMRAM 000007
?_readGreenColor               cstackCOMRAM 000007
?_readRedColor                 cstackCOMRAM 000007
I2C_2_Master_Read@ack          cstackCOMRAM 000005
I2C_2_Master_Read@tmp          cstackCOMRAM 000006
I2C_2_Master_Write@data_byte   cstackCOMRAM 000004
_ANSELBbits                    (abs)        000E9A
_ANSELDbits                    (abs)        000EA7
_High_ISR                      intcode      000008
_I2C_2_Master_Idle             text17       00123C
_I2C_2_Master_Init             text18       001212
_I2C_2_Master_Read             text6        001192
_I2C_2_Master_RepStart         text5        001336
_I2C_2_Master_Start            text16       00134A
_I2C_2_Master_Stop             text15       001340
_I2C_2_Master_Write            text14       00131E
_INT0PPS                       (abs)        000DF0
_INTCONbits                    (abs)        000FF2
_IPR0bits                      (abs)        000E1F
_LATAbits                      (abs)        000F79
_LATDbits                      (abs)        000F7C
_LATEbits                      (abs)        000F7D
_LATGbits                      (abs)        000F7F
_LEDturnOFF                    text27       001372
_LEDturnON                     text20       001354
_PIE0bits                      (abs)        000E29
_PIR0bits                      (abs)        000E33
_RD5PPS                        (abs)        000E6F
_RD6PPS                        (abs)        000E70
_SSP2ADD                       (abs)        000ED6
_SSP2BUF                       (abs)        000ED5
_SSP2CLKPPS                    (abs)        000E1C
_SSP2CON1bits                  (abs)        000ED9
_SSP2CON2                      (abs)        000EDA
_SSP2CON2bits                  (abs)        000EDA
_SSP2DATPPS                    (abs)        000E1D
_SSP2STAT                      (abs)        000ED8
_T0CON0bits                    (abs)        000FD5
_T0CON1bits                    (abs)        000FD6
_TMR0H                         (abs)        000FD4
_TMR0L                         (abs)        000FD3
_TRISAbits                     (abs)        000F81
_TRISDbits                     (abs)        000F84
_TRISEbits                     (abs)        000F85
_TRISGbits                     (abs)        000F87
_TRISHbits                     (abs)        000F88
_Timer0_init                   text19       0012AC
__HRAM                         (abs)        000000
__H__absolute__                __absolute__ 000000
__Habs1                        abs1         000000
__Hbank0                       bank0        000000
__Hbank1                       bank1        000000
__Hbank10                      bank10       000000
__Hbank11                      bank11       000000
__Hbank12                      bank12       000000
__Hbank13                      bank13       000000
__Hbank2                       bank2        000000
__Hbank3                       bank3        000000
__Hbank4                       bank4        000000
__Hbank5                       bank5        000000
__Hbank6                       bank6        000000
__Hbank7                       bank7        000000
__Hbank8                       bank8        000000
__Hbank9                       bank9        000000
__Hbigbss                      bigbss       000000
__Hbigdata                     bigdata      000000
__Hbigram                      bigram       000000
__Hbigsfr                      bigsfr       000000
__Hbss                         bss          000000
__HbssCOMRAM                   bssCOMRAM    000000
__Hcinit                       cinit        000000
__Hclrtext                     clrtext      000000
__Hcomram                      comram       000000
__Hconfig                      config       300006
__Hconst                       const        000000
__HcstackCOMRAM                cstackCOMRAM 000000
__Hdata                        data         000000
__Heeprom_data                 eeprom_data  000000
__Hfarbss                      farbss       000000
__Hfardata                     fardata      000000
__Hheap                        heap         000000
__Hibigdata                    ibigdata     000000
__Hidata                       idata        000000
__Hidloc                       idloc        000000
__Hifardata                    ifardata     000000
__Hinit                        init         000046
__Hintcode                     intcode      000042
__Hintcode_body                intcode_body 000000
__Hintcodelo                   intcodelo    000042
__Hintentry                    intentry     000000
__Hintret                      intret       000000
__Hintsave_regs                intsave_regs 000000
__Hirdata                      irdata       000000
__Hmediumconst                 mediumconst  000000
__HnvFARRAM                    nvFARRAM     000000
__Hnvbit                       nvbit        000000
__Hnvrram                      nvrram       000000
__Hparam                       rparam       000000
__Hpowerup                     powerup      000042
__Hram                         ram          000000
__Hramtop                      ramtop       000E00
__Hrbit                        rbit         000000
__Hrbss                        rbss         000000
__Hrdata                       rdata        000000
__Hreset_vec                   reset_vec    000004
__Hrparam                      rparam       000000
__Hsfr                         sfr          000000
__Hsmallconst                  smallconst   000E02
__Hspace_0                     (abs)        00137C
__Hspace_1                     (abs)        000032
__Hspace_2                     (abs)        000000
__Hspace_4                     (abs)        600006
__Hstack                       stack        000000
__Hstruct                      struct       000000
__Htemp                        temp         000032
__Htext                        text         000000
__Htext0                       text0        000000
__Htext1                       text1        000000
__Htext10                      text10       000000
__Htext11                      text11       000000
__Htext12                      text12       000000
__Htext13                      text13       000000
__Htext14                      text14       000000
__Htext15                      text15       000000
__Htext16                      text16       000000
__Htext17                      text17       000000
__Htext18                      text18       000000
__Htext19                      text19       000000
__Htext2                       text2        000000
__Htext20                      text20       000000
__Htext22                      text22       000000
__Htext23                      text23       000000
__Htext24                      text24       000000
__Htext25                      text25       000000
__Htext26                      text26       000000
__Htext27                      text27       000000
__Htext3                       text3        000000
__Htext4                       text4        000000
__Htext5                       text5        000000
__Htext6                       text6        000000
__Htext7                       text7        000000
__Htext8                       text8        000000
__Htext9                       text9        000000
__LRAM                         (abs)        000001
__L__absolute__                __absolute__ 000000
__Labs1                        abs1         000000
__Lbank0                       bank0        000000
__Lbank1                       bank1        000000
__Lbank10                      bank10       000000
__Lbank11                      bank11       000000
__Lbank12                      bank12       000000
__Lbank13                      bank13       000000
__Lbank2                       bank2        000000
__Lbank3                       bank3        000000
__Lbank4                       bank4        000000
__Lbank5                       bank5        000000
__Lbank6                       bank6        000000
__Lbank7                       bank7        000000
__Lbank8                       bank8        000000
__Lbank9                       bank9        000000
__Lbigbss                      bigbss       000000
__Lbigdata                     bigdata      000000
__Lbigram                      bigram       000000
__Lbigsfr                      bigsfr       000000
__Lbss                         bss          000000
__LbssCOMRAM                   bssCOMRAM    000000
__Lcinit                       cinit        000000
__Lclrtext                     clrtext      000000
__Lcomram                      comram       000000
__Lconfig                      config       000000
__Lconst                       const        000000
__LcstackCOMRAM                cstackCOMRAM 000000
__Ldata                        data         000000
__Leeprom_data                 eeprom_data  000000
__Lfarbss                      farbss       000000
__Lfardata                     fardata      000000
__Lheap                        heap         000000
__Libigdata                    ibigdata     000000
__Lidata                       idata        000000
__Lidloc                       idloc        000000
__Lifardata                    ifardata     000000
__Linit                        init         000042
__Lintcode                     intcode      000008
__Lintcode_body                intcode_body 000000
__Lintcodelo                   intcodelo    000042
__Lintentry                    intentry     000000
__Lintret                      intret       000000
__Lintsave_regs                intsave_regs 000000
__Lirdata                      irdata       000000
__Lmediumconst                 mediumconst  000000
__LnvFARRAM                    nvFARRAM     000000
__Lnvbit                       nvbit        000000
__Lnvrram                      nvrram       000000
__Lparam                       rparam       000000
__Lpowerup                     powerup      000042
__Lram                         ram          000000
__Lramtop                      ramtop       000E00
__Lrbit                        rbit         000000
__Lrbss                        rbss         000000
__Lrdata                       rdata        000000
__Lreset_vec                   reset_vec    000000
__Lrparam                      rparam       000000
__Lsfr                         sfr          000000
__Lsmallconst                  smallconst   000E00
__Lspace_0                     (abs)        000000
__Lspace_1                     (abs)        000000
__Lspace_2                     (abs)        000000
__Lspace_4                     (abs)        000000
__Lstack                       stack        000000
__Lstruct                      struct       000000
__Ltemp                        temp         000031
__Ltext                        text         000000
__Ltext0                       text0        000000
__Ltext1                       text1        000000
__Ltext10                      text10       000000
__Ltext11                      text11       000000
__Ltext12                      text12       000000
__Ltext13                      text13       000000
__Ltext14                      text14       000000
__Ltext15                      text15       000000
__Ltext16                      text16       000000
__Ltext17                      text17       000000
__Ltext18                      text18       000000
__Ltext19                      text19       000000
__Ltext2                       text2        000000
__Ltext20                      text20       000000
__Ltext22                      text22       000000
__Ltext23                      text23       000000
__Ltext24                      text24       000000
__Ltext25                      text25       000000
__Ltext26                      text26       000000
__Ltext27                      text27       000000
__Ltext3                       text3        000000
__Ltext4                       text4        000000
__Ltext5                       text5        000000
__Ltext6                       text6        000000
__Ltext7                       text7        000000
__Ltext8                       text8        000000
__Ltext9                       text9        000000
__S0                           (abs)        00137C
__S1                           (abs)        000032
__S4                           (abs)        000000
__S5                           (abs)        000000
___heap_hi                     (abs)        000000
___heap_lo                     (abs)        000000
___inthi_sp                    stack        000000
___inthi_stack_hi              stack        000000
___inthi_stack_lo              stack        000000
___intlo_sp                    stack        000000
___intlo_stack_hi              stack        000000
___intlo_stack_lo              stack        000000
___lwdiv                       text8        000F8E
___lwdiv@counter               cstackCOMRAM 000009
___lwdiv@dividend              cstackCOMRAM 000003
___lwdiv@divisor               cstackCOMRAM 000005
___lwdiv@quotient              cstackCOMRAM 000007
___param_bank                  (abs)        000000
___rparam_used                 (abs)        000001
___sp                          stack        000000
___stack_hi                    stack        000000
___stack_lo                    stack        000000
__accesstop                    (abs)        000060
__activetblptr                 (abs)        000000
__end_of_High_ISR              intcode      000042
__end_of_I2C_2_Master_Idle     text17       001264
__end_of_I2C_2_Master_Init     text18       00123C
__end_of_I2C_2_Master_Read     text6        0011D4
__end_of_I2C_2_Master_RepStart text5        001340
__end_of_I2C_2_Master_Start    text16       001354
__end_of_I2C_2_Master_Stop     text15       00134A
__end_of_I2C_2_Master_Write    text14       00132A
__end_of_LEDturnOFF            text27       00137C
__end_of_LEDturnON             text20       00135E
__end_of_Timer0_init           text19       0012C8
__end_of___lwdiv               text8        001002
__end_of__initialization       cinit        0012D4
__end_of_clearInterrupt        text10       0012F4
__end_of_color_click_init      text12       001212
__end_of_color_writetoaddr     text13       0012AC
__end_of_init_buttons_LED      text11       00131E
__end_of_interrupts_init       text9        001192
__end_of_main                  text0        000F8E
__end_of_normalizeColors       text7        000EFE
__end_of_readBlueColor         text4        001142
__end_of_readClearColor        text3        0010F2
__end_of_readGreenColor        text2        0010A2
__end_of_readRedColor          text1        001052
__end_ofi2_I2C_2_Master_Idle   text26       00128C
__end_ofi2_I2C_2_Master_Start  text25       001372
__end_ofi2_I2C_2_Master_Stop   text24       001368
__end_ofi2_I2C_2_Master_Write  text23       001336
__end_ofi2_clearInterrupt      text22       00130A
__initialization               cinit        0012C8
__mediumconst                  mediumconst  000000
__pbssCOMRAM                   bssCOMRAM    00001E
__pcinit                       cinit        0012C8
__pcstackCOMRAM                cstackCOMRAM 000001
__pintcode                     intcode      000008
__psmallconst                  smallconst   000E00
__ptext0                       text0        000EFE
__ptext1                       text1        001002
__ptext10                      text10       0012DE
__ptext11                      text11       00130A
__ptext12                      text12       0011D4
__ptext13                      text13       00128C
__ptext14                      text14       00131E
__ptext15                      text15       001340
__ptext16                      text16       00134A
__ptext17                      text17       00123C
__ptext18                      text18       001212
__ptext19                      text19       0012AC
__ptext2                       text2        001052
__ptext20                      text20       001354
__ptext22                      text22       0012F4
__ptext23                      text23       00132A
__ptext24                      text24       00135E
__ptext25                      text25       001368
__ptext26                      text26       001264
__ptext27                      text27       001372
__ptext3                       text3        0010A2
__ptext4                       text4        0010F2
__ptext5                       text5        001336
__ptext6                       text6        001192
__ptext7                       text7        000E02
__ptext8                       text8        000F8E
__ptext9                       text9        001142
__ramtop                       ramtop       000E00
__smallconst                   smallconst   000E00
_blue                          bssCOMRAM    00002A
_clear                         bssCOMRAM    000028
_clearInterrupt                text10       0012DE
_color_click_init              text12       0011D4
_color_writetoaddr             text13       00128C
_green                         bssCOMRAM    00002C
_increment                     bssCOMRAM    000026
_init_buttons_LED              text11       00130A
_interrupts_init               text9        001142
_main                          text0        000EFE
_normalizeColors               text7        000E02
_normalizeColors$1666          cstackCOMRAM 00000C
_readBlueColor                 text4        0010F2
_readClearColor                text3        0010A2
_readGreenColor                text2        001052
_readRedColor                  text1        001002
_red                           bssCOMRAM    00002E
_w                             bssCOMRAM    000024
_wall_detected                 bssCOMRAM    000030
_x                             bssCOMRAM    000022
_y                             bssCOMRAM    000020
_z                             bssCOMRAM    00001E
btemp                          temp         000031
color_writetoaddr@address      cstackCOMRAM 000006
color_writetoaddr@value        cstackCOMRAM 000005
end_of_initialization          cinit        0012D4
i2I2C_2_Master_Write@data_byte cstackCOMRAM 000002
i2_I2C_2_Master_Idle           text26       001264
i2_I2C_2_Master_Start          text25       001368
i2_I2C_2_Master_Stop           text24       00135E
i2_I2C_2_Master_Write          text23       00132A
i2_clearInterrupt              text22       0012F4
int$flags                      temp         000031
intlevel0                      text         000000
intlevel1                      text         000000
intlevel2                      text         000000
intlevel3                      text         000000
isa$std                        (abs)        000001
isa$xinst                      (abs)        000000
main@RGBC                      cstackCOMRAM 000016
main@normRGB                   cstackCOMRAM 000010
normalizeColors@RGBC           cstackCOMRAM 00000A
normalizeColors@normRGB        cstackCOMRAM 00000B
readBlueColor@tmp              cstackCOMRAM 00000C
readClearColor@tmp             cstackCOMRAM 00000C
readGreenColor@tmp             cstackCOMRAM 00000C
readRedColor@tmp               cstackCOMRAM 00000C
stackhi                        (abs)        000000
stacklo                        (abs)        000000
start                          init         000042
start_initialization           cinit        0012C8
ttemp5                         temp         000032
ttemp6                         temp         000035
ttemp7                         temp         000039
wtemp8                         temp         000032


MODULE INFORMATION

Module		Function		Class		Link	Load	Size
color.c
		_color_writetoaddr		CODE           	128C	0000	32
		_color_click_init		CODE           	11D4	0000	62
		_readBlueColor 		CODE           	10F2	0000	80
		_readGreenColor		CODE           	1052	0000	80
		_normalizeColors		CODE           	0E02	0000	252
		_readClearColor		CODE           	10A2	0000	80
		_readRedColor  		CODE           	1002	0000	80

color.c estimated size: 666

interrupts.c
		_High_ISR      		CODE           	0008	0000	58
		_Timer0_init   		CODE           	12AC	0000	28
		_interrupts_init		CODE           	1142	0000	80
		_clearInterrupt		CODE           	12DE	0000	22

interrupts.c estimated size: 188

i2c.c
		_I2C_2_Master_Start		CODE           	134A	0000	10
		_I2C_2_Master_Read		CODE           	1192	0000	66
		_I2C_2_Master_Idle		CODE           	123C	0000	40
		_I2C_2_Master_Init		CODE           	1212	0000	42
		_I2C_2_Master_Stop		CODE           	1340	0000	10
		_I2C_2_Master_RepStart		CODE           	1336	0000	10
		_I2C_2_Master_Write		CODE           	131E	0000	12

i2c.c estimated size: 190

interact.c
		_LEDturnON     		CODE           	1354	0000	10
		_LEDturnOFF    		CODE           	1372	0000	10
		_init_buttons_LED		CODE           	130A	0000	20

interact.c estimated size: 40

shared
		i2_I2C_2_Master_Stop		CODE           	135E	0000	10
		i2_I2C_2_Master_Idle		CODE           	1264	0000	40
		__initialization		CODE           	12C8	0000	12
		i2_clearInterrupt		CODE           	12F4	0000	22
		i2_I2C_2_Master_Write		CODE           	132A	0000	12
		i2_I2C_2_Master_Start		CODE           	1368	0000	10

shared estimated size: 106

main.c
		_main          		CODE           	0EFE	0000	144

main.c estimated size: 144

C:\Program Files\Microchip\xc8\v2.45\pic\sources\c99\common\lwdiv.c
		___lwdiv       		CODE           	0F8E	0000	116

C:\Program Files\Microchip\xc8\v2.45\pic\sources\c99\common\lwdiv.c estimated size: 116

