Microchip MPLAB XC8 Compiler V2.45

Linker command line:

-W-3 \
  --edf=C:\Program Files\Microchip\xc8\v2.45\pic\dat\20230818022343_en.msgs \
  -cn -h+dist/default/production\final-project-alex-emil.X.production.sym \
  --cmf=dist/default/production\final-project-alex-emil.X.production.cmf -z \
  -Q18F67K40 -oC:\Users\emile\AppData\Local\Temp\xcAsplg.\driver_tmp_3.o \
  --defsym=__MPLAB_BUILD=1 --fixupoverflow=error \
  -Mdist/default/production/final-project-alex-emil.X.production.map \
  --md=C:\Users\emile\AppData\Local\Temp\xcAsplg.\driver_tmp_0.dat -E1 \
  -ver=XC8 Compiler --acfsm=1493 -ACODE=00h-01FFFFh -ACONST=00h-01FFFFh \
  -ASMALLCONST=0E00h-0EFFhx498 -AMEDIUMCONST=0E00h-0FFFFh,010E00h-01FFFFh \
  -ACOMRAM=01h-05Fh -AABS1=00h-0DE9h -ABIGRAM=01h-0DE9h \
  -ARAM=060h-0FFh,0100h-01FFhx12,0D00h-0DE9h -ABANK0=060h-0FFh \
  -ABANK1=0100h-01FFh -ABANK2=0200h-02FFh -ABANK3=0300h-03FFh \
  -ABANK4=0400h-04FFh -ABANK5=0500h-05FFh -ABANK6=0600h-06FFh \
  -ABANK7=0700h-07FFh -ABANK8=0800h-08FFh -ABANK9=0900h-09FFh \
  -ABANK10=0A00h-0AFFh -ABANK11=0B00h-0BFFh -ABANK12=0C00h-0CFFh \
  -ABANK13=0D00h-0DE9h \
  -ASFR=0DEFh-0DFFh,0E00h-0EFFh,0F00h-0F5Fh,0F60h-0FFFh \
  -ABIGSFR=0DEFh-0FFFh -ACONFIG=0300000h-030000Bh -AIDLOC=0200000h-020000Fh \
  -AEEDATA=0310000h-03103FFh -peeprom_data=EEDATA \
  -preset_vec=00h,intcode,intcodelo,powerup,init -pramtop=0E00h \
  -psmallconst=SMALLCONST -pmediumconst=MEDIUMCONST -pconst=CONST \
  -AFARRAM=00h-00h \
  -prdata=COMRAM,nvrram=COMRAM,nvbit=COMRAM,rbss=COMRAM,rbit=COMRAM \
  -pfarbss=FARRAM,fardata=FARRAM,nvFARRAM=FARRAM \
  -pintsave_regs=BIGRAM,bigbss=BIGRAM,bigdata=BIGRAM -pbss=RAM \
  -pidata=CODE,irdata=CODE,ibigdata=CODE,ifardata=CODE -prparam=COMRAM \
  C:\Users\emile\AppData\Local\Temp\xcAsplg.\driver_tmp_9.o \
  dist/default/production\final-project-alex-emil.X.production.o 

Object code version is 3.11

Machine type is 18F67K40



                Name                               Link     Load   Length Selector   Space Scale
C:\Users\emile\AppData\Local\Temp\xcAsplg.\driver_tmp_9.o
                config                           300000   300000        6        0       4
                init                                  0        0        4        0       0
dist/default/production\final-project-alex-emil.X.production.o
                config                           300000   300000        6        0       4
                smallconst                          E00      E00        2      700       0
                text16                             11AE     11AE        8      701       0
                text15                             11A6     11A6        8      701       0
                text14                             10FC     10FC       2A      701       0
                text13                             1126     1126       28      701       0
                text12                             119C     119C        A      701       0
                text11                             1192     1192        A      701       0
                text10                             117C     117C        C      701       0
                text9                              114E     114E       20      701       0
                text8                              10C8     10C8       34      701       0
                text7                              116E     116E        E      701       0
                text6                              1086     1086       42      701       0
                text5                              1188     1188        A      701       0
                text4                              1036     1036       50      701       0
                text3                               FE6      FE6       50      701       0
                text2                               F96      F96       50      701       0
                text1                               F46      F46       50      701       0
                text0                               E02      E02      144      701       0
                cstackCOMRAM                          1        1       15        1       1
                cinit                              11B6     11B6        6      701       0

TOTAL           Name                               Link     Load   Length     Space
        CLASS   CODE           
                init                                  0        0        4         0
                text16                             11AE     11AE        8         0
                text15                             11A6     11A6        8         0
                text14                             10FC     10FC       2A         0
                text13                             1126     1126       28         0
                text12                             119C     119C        A         0
                text11                             1192     1192        A         0
                text10                             117C     117C        C         0
                text9                              114E     114E       20         0
                text8                              10C8     10C8       34         0
                text7                              116E     116E        E         0
                text6                              1086     1086       42         0
                text5                              1188     1188        A         0
                text4                              1036     1036       50         0
                text3                               FE6      FE6       50         0
                text2                               F96      F96       50         0
                text1                               F46      F46       50         0
                text0                               E02      E02      144         0
                cinit                              11B6     11B6        6         0

        CLASS   CONST          

        CLASS   SMALLCONST     
                smallconst                          E00      E00        2         0

        CLASS   MEDIUMCONST    

        CLASS   COMRAM         
                cstackCOMRAM                          1        1       15         1

        CLASS   ABS1           

        CLASS   BIGRAM         

        CLASS   RAM            

        CLASS   BANK0          

        CLASS   BANK1          

        CLASS   BANK2          

        CLASS   BANK3          

        CLASS   BANK4          

        CLASS   BANK5          

        CLASS   BANK6          

        CLASS   BANK7          

        CLASS   BANK8          

        CLASS   BANK9          

        CLASS   BANK10         

        CLASS   BANK11         

        CLASS   BANK12         

        CLASS   BANK13         

        CLASS   SFR            

        CLASS   BIGSFR         

        CLASS   CONFIG         
                config                           300000   300000        6         4

        CLASS   IDLOC          

        CLASS   EEDATA         

        CLASS   FARRAM         

        CLASS   HEAP           

        CLASS   STACK          



SEGMENTS        Name                           Load    Length   Top    Selector   Space  Class

                reset_vec                      000000  000004  000004         0       0  CODE    
                cstackCOMRAM                   000001  000015  000016         1       1  COMRAM  
                smallconst                     000E00  000002  000E02       700       0  SMALLCON
                text0                          000E02  0003BA  0011BC       701       0  CODE    


UNUSED ADDRESS RANGES

        Name                Unused          Largest block    Delta
        BANK0            000060-0000FF               A0
        BANK1            000100-0001FF              100
        BANK10           000A00-000AFF              100
        BANK11           000B00-000BFF              100
        BANK12           000C00-000CFF              100
        BANK13           000D00-000DE9               EA
        BANK2            000200-0002FF              100
        BANK3            000300-0003FF              100
        BANK4            000400-0004FF              100
        BANK5            000500-0005FF              100
        BANK6            000600-0006FF              100
        BANK7            000700-0007FF              100
        BANK8            000800-0008FF              100
        BANK9            000900-0009FF              100
        BIGRAM           000016-000DE9              DD4
        BIGSFR           000DEF-000FFF              211
        CODE             000004-000DFF              DFC
                         0011BC-01FFFF            1EE44
        COMRAM           000016-00005F               4A
        CONFIG           300006-30000B                6
        CONST            000004-000DFF              DFC
                         0011BC-01FFFF            1EE44
        EEDATA           310000-3103FF              400
        IDLOC            200000-20000F               10
        MEDIUMCONST      0011BC-00FFFF             EE44
                         010E00-01FFFF             F200
        RAM              000060-000DE9              100
        SFR              000DEF-000FFF              100
        SMALLCONST       0011BC-01FFFF              100

                                  Symbol Table

?_readBlueColor                cstackCOMRAM 000005
?_readClearColor               cstackCOMRAM 000005
?_readGreenColor               cstackCOMRAM 000005
?_readRedColor                 cstackCOMRAM 000005
I2C_2_Master_Read@ack          cstackCOMRAM 000003
I2C_2_Master_Read@tmp          cstackCOMRAM 000004
I2C_2_Master_Write@data_byte   cstackCOMRAM 000002
_ANSELDbits                    (abs)        000EA7
_I2C_2_Master_Idle             text13       001126
_I2C_2_Master_Init             text14       0010FC
_I2C_2_Master_Read             text6        001086
_I2C_2_Master_RepStart         text5        001188
_I2C_2_Master_Start            text12       00119C
_I2C_2_Master_Stop             text11       001192
_I2C_2_Master_Write            text10       00117C
_LATAbits                      (abs)        000F79
_LATDbits                      (abs)        000F7C
_LATEbits                      (abs)        000F7D
_LATGbits                      (abs)        000F7F
_LEDturnOFF                    text16       0011AE
_LEDturnON                     text15       0011A6
_RD5PPS                        (abs)        000E6F
_RD6PPS                        (abs)        000E70
_SSP2ADD                       (abs)        000ED6
_SSP2BUF                       (abs)        000ED5
_SSP2CLKPPS                    (abs)        000E1C
_SSP2CON1bits                  (abs)        000ED9
_SSP2CON2                      (abs)        000EDA
_SSP2CON2bits                  (abs)        000EDA
_SSP2DATPPS                    (abs)        000E1D
_SSP2STAT                      (abs)        000ED8
_TRISAbits                     (abs)        000F81
_TRISDbits                     (abs)        000F84
_TRISEbits                     (abs)        000F85
_TRISGbits                     (abs)        000F87
__HRAM                         (abs)        000000
__H__absolute__                __absolute__ 000000
__Habs1                        abs1         000000
__Hbank0                       bank0        000000
__Hbank1                       bank1        000000
__Hbank10                      bank10       000000
__Hbank11                      bank11       000000
__Hbank12                      bank12       000000
__Hbank13                      bank13       000000
__Hbank2                       bank2        000000
__Hbank3                       bank3        000000
__Hbank4                       bank4        000000
__Hbank5                       bank5        000000
__Hbank6                       bank6        000000
__Hbank7                       bank7        000000
__Hbank8                       bank8        000000
__Hbank9                       bank9        000000
__Hbigbss                      bigbss       000000
__Hbigdata                     bigdata      000000
__Hbigram                      bigram       000000
__Hbigsfr                      bigsfr       000000
__Hbss                         bss          000000
__Hcinit                       cinit        000000
__Hclrtext                     clrtext      000000
__Hcomram                      comram       000000
__Hconfig                      config       300006
__Hconst                       const        000000
__HcstackCOMRAM                cstackCOMRAM 000000
__Hdata                        data         000000
__Heeprom_data                 eeprom_data  000000
__Hfarbss                      farbss       000000
__Hfardata                     fardata      000000
__Hheap                        heap         000000
__Hibigdata                    ibigdata     000000
__Hidata                       idata        000000
__Hidloc                       idloc        000000
__Hifardata                    ifardata     000000
__Hinit                        init         000004
__Hintcode                     intcode      000000
__Hintcode_body                intcode_body 000000
__Hintcodelo                   intcodelo    000000
__Hintentry                    intentry     000000
__Hintret                      intret       000000
__Hintsave_regs                intsave_regs 000000
__Hirdata                      irdata       000000
__Hmediumconst                 mediumconst  000000
__HnvFARRAM                    nvFARRAM     000000
__Hnvbit                       nvbit        000000
__Hnvrram                      nvrram       000000
__Hparam                       rparam       000000
__Hpowerup                     powerup      000000
__Hram                         ram          000000
__Hramtop                      ramtop       000E00
__Hrbit                        rbit         000000
__Hrbss                        rbss         000000
__Hrdata                       rdata        000000
__Hreset_vec                   reset_vec    000000
__Hrparam                      rparam       000000
__Hsfr                         sfr          000000
__Hsmallconst                  smallconst   000E02
__Hspace_0                     (abs)        0011BC
__Hspace_1                     (abs)        000016
__Hspace_2                     (abs)        000000
__Hspace_4                     (abs)        600006
__Hstack                       stack        000000
__Hstruct                      struct       000000
__Htemp                        temp         000000
__Htext                        text         000000
__Htext0                       text0        000000
__Htext1                       text1        000000
__Htext10                      text10       000000
__Htext11                      text11       000000
__Htext12                      text12       000000
__Htext13                      text13       000000
__Htext14                      text14       000000
__Htext15                      text15       000000
__Htext16                      text16       000000
__Htext2                       text2        000000
__Htext3                       text3        000000
__Htext4                       text4        000000
__Htext5                       text5        000000
__Htext6                       text6        000000
__Htext7                       text7        000000
__Htext8                       text8        000000
__Htext9                       text9        000000
__LRAM                         (abs)        000001
__L__absolute__                __absolute__ 000000
__Labs1                        abs1         000000
__Lbank0                       bank0        000000
__Lbank1                       bank1        000000
__Lbank10                      bank10       000000
__Lbank11                      bank11       000000
__Lbank12                      bank12       000000
__Lbank13                      bank13       000000
__Lbank2                       bank2        000000
__Lbank3                       bank3        000000
__Lbank4                       bank4        000000
__Lbank5                       bank5        000000
__Lbank6                       bank6        000000
__Lbank7                       bank7        000000
__Lbank8                       bank8        000000
__Lbank9                       bank9        000000
__Lbigbss                      bigbss       000000
__Lbigdata                     bigdata      000000
__Lbigram                      bigram       000000
__Lbigsfr                      bigsfr       000000
__Lbss                         bss          000000
__Lcinit                       cinit        000000
__Lclrtext                     clrtext      000000
__Lcomram                      comram       000000
__Lconfig                      config       000000
__Lconst                       const        000000
__LcstackCOMRAM                cstackCOMRAM 000000
__Ldata                        data         000000
__Leeprom_data                 eeprom_data  000000
__Lfarbss                      farbss       000000
__Lfardata                     fardata      000000
__Lheap                        heap         000000
__Libigdata                    ibigdata     000000
__Lidata                       idata        000000
__Lidloc                       idloc        000000
__Lifardata                    ifardata     000000
__Linit                        init         000000
__Lintcode                     intcode      000000
__Lintcode_body                intcode_body 000000
__Lintcodelo                   intcodelo    000000
__Lintentry                    intentry     000000
__Lintret                      intret       000000
__Lintsave_regs                intsave_regs 000000
__Lirdata                      irdata       000000
__Lmediumconst                 mediumconst  000000
__LnvFARRAM                    nvFARRAM     000000
__Lnvbit                       nvbit        000000
__Lnvrram                      nvrram       000000
__Lparam                       rparam       000000
__Lpowerup                     powerup      000000
__Lram                         ram          000000
__Lramtop                      ramtop       000E00
__Lrbit                        rbit         000000
__Lrbss                        rbss         000000
__Lrdata                       rdata        000000
__Lreset_vec                   reset_vec    000000
__Lrparam                      rparam       000000
__Lsfr                         sfr          000000
__Lsmallconst                  smallconst   000E00
__Lspace_0                     (abs)        000000
__Lspace_1                     (abs)        000000
__Lspace_2                     (abs)        000000
__Lspace_4                     (abs)        000000
__Lstack                       stack        000000
__Lstruct                      struct       000000
__Ltemp                        temp         000000
__Ltext                        text         000000
__Ltext0                       text0        000000
__Ltext1                       text1        000000
__Ltext10                      text10       000000
__Ltext11                      text11       000000
__Ltext12                      text12       000000
__Ltext13                      text13       000000
__Ltext14                      text14       000000
__Ltext15                      text15       000000
__Ltext16                      text16       000000
__Ltext2                       text2        000000
__Ltext3                       text3        000000
__Ltext4                       text4        000000
__Ltext5                       text5        000000
__Ltext6                       text6        000000
__Ltext7                       text7        000000
__Ltext8                       text8        000000
__Ltext9                       text9        000000
__S0                           (abs)        0011BC
__S1                           (abs)        000016
__S4                           (abs)        000000
__S5                           (abs)        000000
___heap_hi                     (abs)        000000
___heap_lo                     (abs)        000000
___inthi_sp                    stack        000000
___inthi_stack_hi              stack        000000
___inthi_stack_lo              stack        000000
___intlo_sp                    stack        000000
___intlo_stack_hi              stack        000000
___intlo_stack_lo              stack        000000
___param_bank                  (abs)        000000
___rparam_used                 (abs)        000001
___sp                          stack        000000
___stack_hi                    stack        000000
___stack_lo                    stack        000000
__accesstop                    (abs)        000060
__activetblptr                 (abs)        000000
__end_of_I2C_2_Master_Idle     text13       00114E
__end_of_I2C_2_Master_Init     text14       001126
__end_of_I2C_2_Master_Read     text6        0010C8
__end_of_I2C_2_Master_RepStart text5        001192
__end_of_I2C_2_Master_Start    text12       0011A6
__end_of_I2C_2_Master_Stop     text11       00119C
__end_of_I2C_2_Master_Write    text10       001188
__end_of_LEDturnOFF            text16       0011B6
__end_of_LEDturnON             text15       0011AE
__end_of__initialization       cinit        0011B6
__end_of_color_click_init      text8        0010FC
__end_of_color_writetoaddr     text9        00116E
__end_of_init_buttons_LED      text7        00117C
__end_of_main                  text0        000F46
__end_of_readBlueColor         text4        001086
__end_of_readClearColor        text3        001036
__end_of_readGreenColor        text2        000FE6
__end_of_readRedColor          text1        000F96
__initialization               cinit        0011B6
__mediumconst                  mediumconst  000000
__pcinit                       cinit        0011B6
__pcstackCOMRAM                cstackCOMRAM 000001
__psmallconst                  smallconst   000E00
__ptext0                       text0        000E02
__ptext1                       text1        000F46
__ptext10                      text10       00117C
__ptext11                      text11       001192
__ptext12                      text12       00119C
__ptext13                      text13       001126
__ptext14                      text14       0010FC
__ptext15                      text15       0011A6
__ptext16                      text16       0011AE
__ptext2                       text2        000F96
__ptext3                       text3        000FE6
__ptext4                       text4        001036
__ptext5                       text5        001188
__ptext6                       text6        001086
__ptext7                       text7        00116E
__ptext8                       text8        0010C8
__ptext9                       text9        00114E
__ramtop                       ramtop       000E00
__smallconst                   smallconst   000E00
_color_click_init              text8        0010C8
_color_writetoaddr             text9        00114E
_init_buttons_LED              text7        00116E
_main                          text0        000E02
_readBlueColor                 text4        001036
_readClearColor                text3        000FE6
_readGreenColor                text2        000F96
_readRedColor                  text1        000F46
color_writetoaddr@address      cstackCOMRAM 000004
color_writetoaddr@value        cstackCOMRAM 000003
end_of_initialization          cinit        0011B6
intlevel0                      text         000000
intlevel1                      text         000000
intlevel2                      text         000000
intlevel3                      text         000000
isa$std                        (abs)        000001
isa$xinst                      (abs)        000000
main@blue                      cstackCOMRAM 000012
main@clear                     cstackCOMRAM 000014
main@green                     cstackCOMRAM 000010
main@red                       cstackCOMRAM 00000E
readBlueColor@tmp              cstackCOMRAM 00000A
readClearColor@tmp             cstackCOMRAM 00000A
readGreenColor@tmp             cstackCOMRAM 00000A
readRedColor@tmp               cstackCOMRAM 00000A
stackhi                        (abs)        000000
stacklo                        (abs)        000000
start                          init         000000
start_initialization           cinit        0011B6


MODULE INFORMATION

Module		Function		Class		Link	Load	Size
color.c
		_color_writetoaddr		CODE           	114E	0000	32
		_color_click_init		CODE           	10C8	0000	52
		_readBlueColor 		CODE           	1036	0000	80
		_readGreenColor		CODE           	0F96	0000	80
		_readClearColor		CODE           	0FE6	0000	80
		_readRedColor  		CODE           	0F46	0000	80

color.c estimated size: 404

i2c.c
		_I2C_2_Master_Start		CODE           	119C	0000	10
		_I2C_2_Master_Read		CODE           	1086	0000	66
		_I2C_2_Master_Idle		CODE           	1126	0000	40
		_I2C_2_Master_Init		CODE           	10FC	0000	42
		_I2C_2_Master_Stop		CODE           	1192	0000	10
		_I2C_2_Master_RepStart		CODE           	1188	0000	10
		_I2C_2_Master_Write		CODE           	117C	0000	12

i2c.c estimated size: 190

interact.c
		_LEDturnON     		CODE           	11A6	0000	8
		_LEDturnOFF    		CODE           	11AE	0000	8
		_init_buttons_LED		CODE           	116E	0000	14

interact.c estimated size: 30

shared
		__initialization		CODE           	11B6	0000	1

shared estimated size: 1

main.c
		_main          		CODE           	0E02	0000	324

main.c estimated size: 324

